SQL> @aq_queue.sql HR.ORDER_QUEUE

=== Queue ===


Owner                Queue                          Queue Table                    Queue Type           QID        Enqueue  Dequeue  Retries Retry Delay Retention        Comment
-------------------- ------------------------------ ------------------------------ -------------------- ---------- -------- -------- ------- ----------- ---------------- --------------------------------------------------
HR                   ORDER_QUEUE                    ORDER_QUEUE_QT                 NORMAL_QUEUE             105820 YES      YES            5          60 86400            Order processing event queue

1 row selected.


=== Queue table ===


Owner                Queue Table                    Payload Type                     Sort Order               Recipients Grouping         Compatible Secure
-------------------- ------------------------------ -------------------------------- ------------------------ ---------- ---------------- ---------- ------
HR                   ORDER_QUEUE_QT                 SYS.XMLTYPE                      ENQ_TIME                 MULTIPLE   NONE             10.0.0     NO

1 row selected.


=== Subscribers ===


Owner                Queue                          Consumer                       Address                                            Protocol Delivery         Q2Q
-------------------- ------------------------------ ------------------------------ -------------------------------------------------- -------- ---------------- --------
HR                   ORDER_QUEUE                    BILLING_SERVICE                (null)                                                    0 PERSISTENT       NO
HR                   ORDER_QUEUE                    FULFILLMENT_SVC                (null)                                                    0 PERSISTENT       NO

2 rows selected.


=== Propagation schedules ===


Owner                Queue                          Destination                              Start               Latency Last Run            Next Run            Failures Disabled
-------------------- ------------------------------ ---------------------------------------- ------------------- ------- ------------------- ------------------- -------- --------
HR                   ORDER_QUEUE                    WAREHOUSE_DBLINK                         2026-01-01 00:00:00      60 2026-09-28 12:00:00 2026-09-28 12:01:00        0 NO

1 row selected.


=== Message counts (V$AQ) ===


   Waiting      Ready    Expired Total Wait   Avg Wait
---------- ---------- ---------- ---------- ----------
         0          3          0         12       4.00

1 row selected.


=== Persistent queue stats (GV$PERSISTENT_QUEUES) ===

Enq/Deq Time are hundredths of a second spent in enqueue and dequeue.


Inst Owner                Queue                          Queue Table                              Enqueued         Dequeued          Browsed    Avg Age First Activity                 Enq Time         Deq Time
---- -------------------- ------------------------------ ------------------------------ ------------------ ---------------- ---------------- ---------- ------------------- ------------------ ----------------
   1 HR                   ORDER_QUEUE                    ORDER_QUEUE_QT                            142,050          142,047                0          2 2026-09-28 08:00:00              3,450            3,820

1 row selected.
