===============================================================================
Flashback Retention Status
===============================================================================

=== Database Flashback Configuration ===


DB Name          Log Mode     Flashback On
---------------- ------------ ------------
HOMELAB          ARCHIVELOG   YES

Enter value for recovery: === Flashback exit success Parameters ===


Parameter                        Value
-------------------------------- ---------------------------------------------
db_flashback_retention_target    1440
db_recovery_file_dest            +RECO
db_recovery_file_dest_size       50G

=== Flashback Retention Target vs. Actual ===


      Oldest SCN Oldest Flashback    Target (Min) Actual (Min) Target Met?         Size MB    Est Size MB
---------------- ------------------- ------------ ------------ ------------ -------------- --------------
       416725150 2026-09-24 15:27:25        1,440      1,544.6 YES                 5,000.0        3,631.9

=== Fast Recovery Area Space ===


FRA Location                         Limit GB        Used GB Pct Used
------------------------------ -------------- -------------- --------
+RECO                                    50.0           34.8     69.6

=== Flashback Generation Statistics (GV$FLASHBACK_DATABASE_STAT) ===


 Inst Begin Time          End Time              Flashback MB     DB Data MB        Redo MB FB Rate MB/hr
----- ------------------- ------------------- -------------- -------------- -------------- -------------
    1 2026-09-25 16:28:49 2026-09-25 17:12:00          129.3          131.1           99.2         179.7
    1 2026-09-25 15:28:45 2026-09-25 16:28:49          144.2          131.4          113.9         144.0
    1 2026-09-25 14:28:42 2026-09-25 15:28:45          159.7          143.8          122.9         159.5
    1 2026-09-25 13:28:39 2026-09-25 14:28:42          147.0          132.5          115.0         146.9
    1 2026-09-25 12:28:35 2026-09-25 13:28:39          144.9          130.9          114.2         144.7
    1 2026-09-25 11:28:33 2026-09-25 12:28:35          144.6          129.6          113.8         144.5
    1 2026-09-25 10:28:29 2026-09-25 11:28:33          153.1          145.9          124.4         153.0
    1 2026-09-25 09:28:26 2026-09-25 10:28:29          169.0          161.8          134.0         168.9
    1 2026-09-25 08:28:22 2026-09-25 09:28:26          146.3          133.5          115.0         146.1
    1 2026-09-25 07:28:19 2026-09-25 08:28:22          149.9          136.2          116.0         149.8
    1 2026-09-25 06:28:15 2026-09-25 07:28:19          147.6          136.2          115.1         147.4
    1 2026-09-25 05:28:13 2026-09-25 06:28:15          151.4          137.7          117.5         151.3
    1 2026-09-25 04:28:08 2026-09-25 05:28:13          150.9          137.8          117.4         150.7
    1 2026-09-25 03:28:05 2026-09-25 04:28:08          145.8          134.4          115.3         145.7
    1 2026-09-25 02:28:01 2026-09-25 03:28:05          148.5          137.4          115.1         148.4
    1 2026-09-25 01:27:58 2026-09-25 02:28:01          310.1          395.4          287.0         309.8
    1 2026-09-25 00:27:55 2026-09-25 01:27:58          568.2          518.4          590.7         567.7
    1 2026-09-24 23:27:52 2026-09-25 00:27:55          146.9          129.2          112.7         146.7
    1 2026-09-24 22:27:48 2026-09-24 23:27:52          146.8          130.1          113.2         146.6
    1 2026-09-24 21:27:45 2026-09-24 22:27:48          246.5          239.4          198.0         246.3
    1 2026-09-24 20:27:41 2026-09-24 21:27:45          147.9          132.6          113.6         147.7
    1 2026-09-24 19:27:38 2026-09-24 20:27:41          156.6          146.0          119.6         156.5
    1 2026-09-24 18:27:34 2026-09-24 19:27:38          160.9          159.0          123.2         160.7
    1 2026-09-24 17:27:30 2026-09-24 18:27:34          159.6          148.6          121.5         159.4
