SQL> @histograms.sql HR EMPLOYEES

=== Column histogram summary ===


Owner                Table Name                     Column Name                    Data Type        Buckets Histogram Type       Nulls  Distinct Sample Size Last Analyzed
-------------------- ------------------------------ ------------------------------ ---------------- ------- ------------------ ------- --------- ----------- -------------------
HR                   EMPLOYEES                      EMPLOYEE_ID                    NUMBER                 1 NONE                     0       107         107 2026-09-20 02:00:00
HR                   EMPLOYEES                      FIRST_NAME                     VARCHAR2(20)           1 NONE                     0        91         107 2026-09-20 02:00:00
HR                   EMPLOYEES                      LAST_NAME                      VARCHAR2(25)           1 NONE                     0       102         107 2026-09-20 02:00:00
HR                   EMPLOYEES                      DEPARTMENT_ID                  NUMBER                11 FREQUENCY                1        11         107 2026-09-20 02:00:00
HR                   EMPLOYEES                      SALARY                         NUMBER                58 HYBRID                   0        58         107 2026-09-20 02:00:00

5 rows selected.


=== Histogram endpoints ===
Columns with histogram NONE have no endpoint rows.


Column Name                    Endpoint #   Endpoint Value Actual Value
------------------------------ ---------- ---------------- ----------------------------------------
DEPARTMENT_ID                           1           10.000 (null)
DEPARTMENT_ID                           2           20.000 (null)
DEPARTMENT_ID                           8           30.000 (null)
DEPARTMENT_ID                           9           40.000 (null)
DEPARTMENT_ID                          54           50.000 (null)
DEPARTMENT_ID                          59           60.000 (null)
DEPARTMENT_ID                          60           70.000 (null)
DEPARTMENT_ID                          94           80.000 (null)
DEPARTMENT_ID                          97           90.000 (null)
DEPARTMENT_ID                         103          100.000 (null)
DEPARTMENT_ID                         106          110.000 (null)

11 rows selected.
