=== I/O distribution (FILE) ===

Times are hundredths of a second. Avg Rd/Wr are milliseconds.


Grouping    Target                                                                 Files File# Type     Tablespace                        Phy Rds         Phy Wrts          Blk Rds         Blk Wrts         Read Tim        Write Tim
----------- ---------------------------------------------------------------------- ----- ----- -------- ------------------------ ---------------- ---------------- ---------------- ---------------- ---------------- ----------------
     Avg IO   Avg Rd ms   Avg Wr ms Pct Rd Pct Wr
----------- ----------- ----------- ------ ------
FILE        +DATA/HOMELAB/5C00796684B8BB6FE0631A04010AE1F6/DATAFILE/sysaux.330.124     1    60 DATA     SYSAUX                             54,694           67,668          148,209          177,706            2,865            5,073
            4545073
       0.06        0.52        0.75   42.9   48.4

FILE        +DATA/HOMELAB/5C00796684B8BB6FE0631A04010AE1F6/TEMPFILE/temp.334.12445     1     9 TEMP     TEMP                               22,520           43,698          448,929          892,600              748          259,640
            45073
       3.93        0.33       59.42   17.7   31.2

FILE        +DATA/HOMELAB/5C00796684B8BB6FE0631A04010AE1F6/DATAFILE/system.333.124     1    59 DATA     SYSTEM                             32,539           10,034          135,835           21,778              838              136
            4545073
       0.02        0.26        0.14   25.5    7.2

FILE        +DATA/HOMELAB/5C00796684B8BB6FE0631A04010AE1F6/DATAFILE/undotbs1.332.1     1    61 DATA     UNDOTBS1                           17,678           18,553           32,111           68,676              629              230
            244545073
       0.02        0.36        0.12   13.9   13.3

                                                                                                                                 ---------------- ---------------- ---------------- ---------------- ---------------- ----------------


sum                                                                                                                                       127,431          139,953          765,084        1,160,760            5,080          265,079



=== I/O by function (V$IOSTAT_FUNCTION) ===


Function                                   Sm Rd MB       Sm Wr MB       Lg Rd MB       Lg Wr MB       Sm Rd Reqs       Sm Wr Reqs       Lg Rd Reqs       Lg Wr Reqs        Waits        Wait Time
------------------------------------ -------------- -------------- -------------- -------------- ---------------- ---------------- ---------------- ---------------- ------------ ----------------
LGWR                                            9.0       74,230.0            0.0      201,071.0            3,763       23,079,673                0          414,568        6,959            1,017
Buffer Cache Reads                        126,726.0            0.0       41,655.0            0.0       12,329,840                0           83,806                0   11,321,278        2,871,111
Others                                     50,518.0       91,062.0      157,412.0      315,898.0        4,461,188        4,635,967          169,545          440,508    2,733,405          568,710
DBWR                                            1.0      117,819.0            0.0       51,518.0              150        8,830,936                0          412,138           38                2
Direct Writes                              19,595.0       31,223.0        1,209.0        8,210.0        1,151,983        1,364,555            6,372           36,210       35,653            4,755
Direct Reads                               56,006.0          519.0       86,481.0          164.0        1,091,011           44,118          105,848              434        4,204              586
RMAN                                          110.0          143.0           10.0            0.0            8,692            9,164               24                0        8,716            7,112
Streams AQ                                     22.0            0.0            0.0            0.0            2,767                0                0                0        2,767            1,218
Recovery                                        4.0            0.0           47.0            0.0              452                2               50                0           16                7
ARCH                                            0.0            0.0            0.0            0.0                0                0                0                0            0                0
Archive Manager                                 0.0            0.0            0.0            0.0                0                0                0                0            0                0
Data Pump                                       0.0            0.0            0.0            0.0                0                0                0                0            0                0
Inmemory Populate                               0.0            0.0            0.0            0.0                0                0                0                0            0                0
Smart Scan                                      0.0            0.0            0.0            0.0                0                0                0                0            0                0
XDB                                             0.0            0.0            0.0            0.0                0                0                0                0            0                0
