SQL> @logswitches.sql

Log Switch Activity Matrix
========================


MMDD  H00 H01 H02 H03 H04 H05 H06 H07 H08 H09 H10 H11 H12 H13 H14 H15 H16 H17 H18 H19 H20 H21 H22 H23   Total
----- --- --- --- --- --- --- --- --- --- --- --- --- --- --- --- --- --- --- --- --- --- --- --- --- -------
0926    1   1   1   1   2   1   2   3   4   5   4   5   4   5   4   4   3   2   1   1   1   1   1   1      58
0927    1   1   1   1   1   1   2   3   4   4   5   4   4   4   5   4   3   2   1   1   1   1   1   1      56
0928    1   1   1   1   1   2   3   4   5   6   5   6   5   5   6   4   3   2   1   1   1   1   1   1      66

3 rows selected.


Hourly Statistics
================


Hour       Total Switches Avg Switches Min Switches Max Switches
-------- ---------------- ------------ ------------ ------------
00:00                   3         1.00            1            1
01:00                   3         1.00            1            1
02:00                   3         1.00            1            1
03:00                   3         1.00            1            1
04:00                   4         1.33            1            2
05:00                   4         1.33            1            2
06:00                   7         2.33            2            3
07:00                  10         3.33            3            4
08:00                  13         4.33            4            5
09:00                  15         5.00            4            6
10:00                  14         4.67            4            5
11:00                  15         5.00            4            6
12:00                  13         4.33            4            5
13:00                  14         4.67            4            5
14:00                  15         5.00            4            6
15:00                  12         4.00            4            4
16:00                   9         3.00            3            3
17:00                   6         2.00            2            2
18:00                   3         1.00            1            1
19:00                   3         1.00            1            1
20:00                   3         1.00            1            1
21:00                   3         1.00            1            1
22:00                   3         1.00            1            1
23:00                   3         1.00            1            1

24 rows selected.


Time Period Analysis
==================


Period               Total Switches Percentage
-------------------- -------------- ----------
Night (00-06)                    21      11.7%
Morning (06-12)                  74      41.1%
Afternoon (12-18)                69      38.3%
Evening (18-24)                  16       8.9%

4 rows selected.


Peak Activity Analysis
===================


DateTime         Switches
---------------- --------
0928 09:00              6
0928 11:00              6
0928 14:00              6

3 rows selected.


Daily Summary
============


Date       Day            Total Switches Avg/Hour
---------- ------------ ---------------- --------
0926       Saturday                   58      2.4
0927       Sunday                     56      2.3
0928       Monday                     66      2.8

3 rows selected.
