=== Session NLS parameters ===


Parameter                                Value
---------------------------------------- ------------------------------------------------------------
NLS_CALENDAR                             GREGORIAN
NLS_COMP                                 BINARY
NLS_CURRENCY                             $
NLS_DATE_FORMAT                          DD-MON-RR
NLS_DATE_LANGUAGE                        AMERICAN
NLS_DUAL_CURRENCY                        $
NLS_ISO_CURRENCY                         AMERICA
NLS_LANGUAGE                             AMERICAN
NLS_LENGTH_SEMANTICS                     BYTE
NLS_NCHAR_CONV_EXCP                      FALSE
NLS_NUMERIC_CHARACTERS                   .,
NLS_SORT                                 BINARY
NLS_TERRITORY                            AMERICA
NLS_TIMESTAMP_FORMAT                     DD-MON-RR HH.MI.SSXFF AM
NLS_TIMESTAMP_TZ_FORMAT                  DD-MON-RR HH.MI.SSXFF AM TZR
NLS_TIME_FORMAT                          HH.MI.SSXFF AM
NLS_TIME_TZ_FORMAT                       HH.MI.SSXFF AM TZR

=== Instance NLS parameters ===


Parameter                                Value
---------------------------------------- ------------------------------------------------------------
NLS_CALENDAR
NLS_COMP                                 BINARY
NLS_CURRENCY
NLS_DATE_FORMAT
NLS_DATE_LANGUAGE
NLS_DUAL_CURRENCY
NLS_ISO_CURRENCY
NLS_LANGUAGE                             AMERICAN
NLS_LENGTH_SEMANTICS                     BYTE
NLS_NCHAR_CONV_EXCP                      FALSE
NLS_NUMERIC_CHARACTERS
NLS_SORT
NLS_TERRITORY                            AMERICA
NLS_TIMESTAMP_FORMAT
NLS_TIMESTAMP_TZ_FORMAT
NLS_TIME_FORMAT
NLS_TIME_TZ_FORMAT

=== Database NLS parameters ===


Parameter                                Value
---------------------------------------- ------------------------------------------------------------
NLS_CALENDAR                             GREGORIAN
NLS_CHARACTERSET                         AL32UTF8
NLS_COMP                                 BINARY
NLS_CURRENCY                             $
NLS_DATE_FORMAT                          DD-MON-RR
NLS_DATE_LANGUAGE                        AMERICAN
NLS_DUAL_CURRENCY                        $
NLS_ISO_CURRENCY                         AMERICA
NLS_LANGUAGE                             AMERICAN
NLS_LENGTH_SEMANTICS                     BYTE
NLS_NCHAR_CHARACTERSET                   AL16UTF16
NLS_NCHAR_CONV_EXCP                      FALSE
NLS_NUMERIC_CHARACTERS                   .,
NLS_RDBMS_VERSION                        23.0.0.0.0
NLS_SORT                                 BINARY
NLS_TERRITORY                            AMERICA
NLS_TIMESTAMP_FORMAT                     DD-MON-RR HH.MI.SSXFF AM
NLS_TIMESTAMP_TZ_FORMAT                  DD-MON-RR HH.MI.SSXFF AM TZR
NLS_TIME_FORMAT                          HH.MI.SSXFF AM
NLS_TIME_TZ_FORMAT                       HH.MI.SSXFF AM TZR
