SQL> @rebuild_indexes.sql HR EMPLOYEES

=== Index statistics before rebuild ===


Owner            Table                        Index                          Unique     Status     Part Tablespace             Blevel   Leaf Blks       Distinct Avg Leaf/Key Avg Data/Key     Clust Factor           Rows Last Analyzed
---------------- ---------------------------- ------------------------------ ---------- ---------- ---- -------------------- ------ ----------- -------------- ------------ ------------ ---------------- -------------- -------------------
HR               EMPLOYEES                    EMP_EMP_ID_PK                  UNIQUE     VALID      NO   USERS                     1           1            107         1.00         1.00                1            107 2026-09-20 02:00:00
HR               EMPLOYEES                    EMP_EMAIL_UK                   UNIQUE     VALID      NO   USERS                     1           1            107         1.00         1.00                1            107 2026-09-20 02:00:00
HR               EMPLOYEES                    EMP_DEPARTMENT_IX              NONUNIQUE  VALID      NO   USERS                     1           1             11         1.00         1.00                1            107 2026-09-20 02:00:00
HR               EMPLOYEES                    EMP_JOB_IX                     NONUNIQUE  VALID      NO   USERS                     1           1             19         1.00         1.00                1            107 2026-09-20 02:00:00

4 rows selected.


=== Rebuild ===

Index rebuild commands (ONLINE=NO):
ALTER INDEX "HR"."EMP_EMP_ID_PK" REBUILD;
ALTER INDEX "HR"."EMP_EMAIL_UK" REBUILD;
ALTER INDEX "HR"."EMP_DEPARTMENT_IX" REBUILD;
ALTER INDEX "HR"."EMP_JOB_IX" REBUILD;

Rebuilding 4 index(es)...
Rebuilt index HR.EMP_EMP_ID_PK successfully.
Rebuilt index HR.EMP_EMAIL_UK successfully.
Rebuilt index HR.EMP_DEPARTMENT_IX successfully.
Rebuilt index HR.EMP_JOB_IX successfully.
Rebuild complete. 4 succeeded, 0 failed.

=== Index statistics after rebuild ===


Owner            Table                        Index                          Unique     Status     Part Tablespace             Blevel   Leaf Blks       Distinct Avg Leaf/Key Avg Data/Key     Clust Factor           Rows Last Analyzed
---------------- ---------------------------- ------------------------------ ---------- ---------- ---- -------------------- ------ ----------- -------------- ------------ ------------ ---------------- -------------- -------------------
HR               EMPLOYEES                    EMP_EMP_ID_PK                  UNIQUE     VALID      NO   USERS                     1           1            107         1.00         1.00                1            107 2026-09-28 12:00:00
HR               EMPLOYEES                    EMP_EMAIL_UK                   UNIQUE     VALID      NO   USERS                     1           1            107         1.00         1.00                1            107 2026-09-28 12:00:00
HR               EMPLOYEES                    EMP_DEPARTMENT_IX              NONUNIQUE  VALID      NO   USERS                     1           1             11         1.00         1.00                1            107 2026-09-28 12:00:00
HR               EMPLOYEES                    EMP_JOB_IX                     NONUNIQUE  VALID      NO   USERS                     1           1             19         1.00         1.00                1            107 2026-09-28 12:00:00

4 rows selected.
