=== Threads ===


  Thr Status     Enabled      Groups Instance                Seq
----- ---------- ------------ ------ ---------------- ----------
    1 OPEN       PUBLIC            3 homelab                4056

=== Online redo log groups ===


  Grp   Thr        Seq           MB    Blk   Mem Archived Status
----- ----- ---------- ------------ ------ ----- -------- ----------
    1     1       4054          200    512     2 YES      INACTIVE
    2     1       4055          200    512     2 YES      INACTIVE
    3     1       4056          200    512     2 NO       CURRENT

=== Redo log members ===


  Grp   Thr Status     Type             Mem Status FRA      Member
----- ----- ---------- ---------------- ---------- -------- --------------------------------------------------------------------------------
    1     1 INACTIVE   ONLINE                      NO       +DATA/HOMELAB/ONLINELOG/group_1.265.1224081631
    1     1 INACTIVE   ONLINE                      YES      +RECO/HOMELAB/ONLINELOG/group_1.257.1224081631
    2     1 INACTIVE   ONLINE                      NO       +DATA/HOMELAB/ONLINELOG/group_2.266.1224081631
    2     1 INACTIVE   ONLINE                      YES      +RECO/HOMELAB/ONLINELOG/group_2.258.1224081631
    3     1 CURRENT    ONLINE                      NO       +DATA/HOMELAB/ONLINELOG/group_3.267.1224081631
    3     1 CURRENT    ONLINE                      YES      +RECO/HOMELAB/ONLINELOG/group_3.259.1224081631

=== Recent log history (last 50) ===


  Thr        Seq First Time          Next Time                  First SCN         Next SCN
----- ---------- ------------------- ------------------- ---------------- ----------------
    1       4006 2026-09-23 01:32:17 2026-09-23 03:00:26        414743366        414819122
    1       4007 2026-09-23 03:00:26 2026-09-23 04:49:39        414819122        414898348
    1       4008 2026-09-23 04:49:39 2026-09-23 06:09:39        414898348        414959160
    1       4009 2026-09-23 06:09:39 2026-09-23 08:00:42        414959160        415041085
    1       4010 2026-09-23 08:00:42 2026-09-23 09:52:52        415041085        415118825
    1       4011 2026-09-23 09:52:52 2026-09-23 11:09:55        415118825        415176658
    1       4012 2026-09-23 11:09:55 2026-09-23 13:00:59        415176658        415252467
    1       4013 2026-09-23 13:00:59 2026-09-23 14:37:08        415252467        415326449
    1       4014 2026-09-23 14:37:08 2026-09-23 16:00:11        415326449        415388617
    1       4015 2026-09-23 16:00:11 2026-09-23 17:39:18        415388617        415467864
    1       4016 2026-09-23 17:39:18 2026-09-23 19:08:21        415467864        415530795
    1       4017 2026-09-23 19:08:21 2026-09-23 20:56:27        415530795        415605643
    1       4018 2026-09-23 20:56:27 2026-09-23 22:00:54        415605643        415655634
    1       4019 2026-09-23 22:00:54 2026-09-23 23:11:34        415655634        415732293
    1       4020 2026-09-23 23:11:34 2026-09-24 00:55:40        415732293        415805173
    1       4021 2026-09-24 00:55:40 2026-09-24 01:01:49        415805173        415850729
    1       4022 2026-09-24 01:01:49 2026-09-24 01:12:25        415850729        415942829
    1       4023 2026-09-24 01:12:25 2026-09-24 01:23:40        415942829        416042622
    1       4024 2026-09-24 01:23:40 2026-09-24 02:10:46        416042622        416113329
    1       4025 2026-09-24 02:10:46 2026-09-24 04:00:47        416113329        416198281
    1       4026 2026-09-24 04:00:47 2026-09-24 05:31:56        416198281        416270660
    1       4027 2026-09-24 05:31:56 2026-09-24 07:01:00        416270660        416336201
    1       4028 2026-09-24 07:01:00 2026-09-24 08:53:06        416336201        416417130
    1       4029 2026-09-24 08:53:06 2026-09-24 10:00:09        416417130        416474557
    1       4030 2026-09-24 10:00:09 2026-09-24 11:24:16        416474557        416545526
    1       4031 2026-09-24 11:24:16 2026-09-24 13:00:18        416545526        416612877
    1       4032 2026-09-24 13:00:18 2026-09-24 14:24:25        416612877        416675937
    1       4033 2026-09-24 14:24:25 2026-09-24 15:57:29        416675937        416745073
    1       4034 2026-09-24 15:57:29 2026-09-24 17:09:32        416745073        416800967
    1       4035 2026-09-24 17:09:32 2026-09-24 18:41:39        416800967        416872768
    1       4036 2026-09-24 18:41:39 2026-09-24 20:00:42        416872768        416937970
    1       4037 2026-09-24 20:00:42 2026-09-24 21:38:48        416937970        417014588
    1       4038 2026-09-24 21:38:48 2026-09-24 22:11:51        417014588        417066096
    1       4039 2026-09-24 22:11:51 2026-09-24 23:53:58        417066096        417141978
    1       4040 2026-09-24 23:53:58 2026-09-25 01:00:31        417141978        417196759
    1       4041 2026-09-25 01:00:31 2026-09-25 01:03:25        417196759        417267462
    1       4042 2026-09-25 01:03:25 2026-09-25 01:14:28        417267462        417350904
    1       4043 2026-09-25 01:14:28 2026-09-25 01:25:46        417350904        417453688
    1       4044 2026-09-25 01:25:46 2026-09-25 01:44:04        417453688        417547036
    1       4045 2026-09-25 01:44:04 2026-09-25 02:55:08        417547036        417608879
    1       4046 2026-09-25 02:55:08 2026-09-25 04:09:14        417608879        417666533
    1       4047 2026-09-25 04:09:14 2026-09-25 05:42:17        417666533        417739112
    1       4048 2026-09-25 05:42:17 2026-09-25 07:00:21        417739112        417800011
    1       4049 2026-09-25 07:00:21 2026-09-25 08:39:27        417800011        417875597
    1       4050 2026-09-25 08:39:27 2026-09-25 10:00:30        417875597        417940251
    1       4051 2026-09-25 10:00:30 2026-09-25 11:24:37        417940251        418025027
    1       4052 2026-09-25 11:24:37 2026-09-25 12:59:43        418025027        418090848
    1       4053 2026-09-25 12:59:43 2026-09-25 14:12:43        418090848        418149253
    1       4054 2026-09-25 14:12:43 2026-09-25 15:43:50        418149253        418215013
    1       4055 2026-09-25 15:43:50                            418215013        418271410
