SQL> @shared_pool.sql

=== Shared pool parameters ===


Parameter                            Value
------------------------------------ ----------------------------------------
shared_pool_size                     0
shared_pool_reserved_size            67108864

2 rows selected.


=== Shared pool breakdown (V$SGASTAT) ===


Pool             Name                                                Bytes             MB    Pct
---------------- ---------------------------------------- ---------------- -------------- ------
shared pool      free memory                                   245,820,160         234.43  19.54
shared pool      sql area                                      412,829,184         393.70  32.81
shared pool      library cache                                 285,120,448         271.91  22.66
shared pool      dictionary cache                               85,420,160          81.46   6.79
shared pool      CCursor                                        64,120,000          61.15   5.10
shared pool      row cache                                      42,100,224          40.15   3.35

6 rows selected.


=== Shared pool advice ===


        Size MB Factor        Estd LC MB Estd LC Objs        Estd Time Saved Time Factor
--------------- ------ ----------------- ------------ ---------------------- -----------
            800   0.67            650.00       42,100          1,425,820,100        0.98
           1200   1.00            980.00       58,400          1,452,180,400        1.00
           1600   1.33           1280.00       65,200          1,455,200,100        1.00

3 rows selected.


=== Library cache ===


Namespace                           Gets        Get Hits Get Hit %             Pins        Pin Hits  Pin Hit %        Reloads   Invalidations   Reload %
-------------------- ------------------- ------------------------- ------------------- ------------------- ---------- -------------- --------------- ----------
SQL AREA                       2,410,200        2,385,100    98.96           8,410,200           8,375,100      99.58          1,200             420      0.050
TABLE/PROCEDURE                  840,120          832,100    99.05           2,150,400           2,142,000      99.61            340              12      0.040
BODY                              45,210           45,100    99.76              98,400              98,100      99.70             15               0      0.033
TRIGGER                           24,100           23,950    99.38              48,200              47,900      99.38              5               0      0.021

4 rows selected.


=== Reload and invalidation totals ===


        Total Gets         Total Reloads Reload %    Total Invals
------------------ --------------------- -------- ---------------
         3,319,630                 1,560    0.047             432

1 row selected.


=== Top SQL by sharable memory ===


SQL ID        Schema                   Sharable MB Versions          Executions        Loads SQL Text
------------- ------------------------ ----------- -------- ------------------- ------------ ------------------------------------------------------------
4uz0tutmv3d30 APP_USER                        8.50        4              45,210            4 SELECT id, name, balance FROM accounts WHERE status = 'A'
9a1b2c3d4e5f6 APP_USER                        4.20        2              12,400            2 SELECT * FROM orders WHERE order_date >= TRUNC(SYSDATE)

2 rows selected.
