SQL> @tde_report.sql
===============================================================================
Oracle Transparent Data Encryption (TDE) Report
Filter Schema: %
===============================================================================

=== 1. Overall TDE Summary ===

Open Wallets Encrypted TS   Total TS Encrypted Tables Encrypted Cols Encrypted LOBs
------------ ------------ ---------- ---------------- -------------- --------------
           1            2          5                3              2              1

1 row selected.

=== 2. TDE Configuration Parameters ===

Parameter                      Value
------------------------------ ---------------------------------------------
encrypt_new_tablespaces        ALWAYS
tde_configuration              KEYSTORE_CONFIGURATION=FILE
wallet_root                    /opt/oracle/admin/ORCL/wallet

3 rows selected.

=== 3. Keystore / Wallet Status (GV$ENCRYPTION_WALLET) ===

 Inst   Con Container / PDB      WRL Type   Keystore Location / Parameter                Status          Wallet Type      Order      Backed Up
----- ----- -------------------- ---------- -------------------------------------------- --------------- ---------------- ---------- ----------
    1     1 CDB$ROOT             FILE       /opt/oracle/admin/ORCL/wallet/tde/           OPEN            AUTOLOGIN        PRIMARY    YES
    1     3 ORCLPDB1             FILE       /opt/oracle/admin/ORCL/wallet/tde/           OPEN            AUTOLOGIN        PRIMARY    YES

2 rows selected.

=== 4. Master Encryption Keys (V$ENCRYPTION_KEYS) ===

Container / PDB        Con Key ID (Prefix)                Key Use                  Keystore Type  Creation Time       Activation Time     Tag
-------------------- ----- ------------------------------ ------------------------ -------------- ------------------- ------------------- ------------------
CDB$ROOT                 1 A1B2C3D4E5F60718293A4B5C6D7E8F TDE IN-DATABASE MASTER K FILE           2026-01-15 08:30:00 2026-01-15 08:30:00 CDB_KEY_2026
ORCLPDB1                 3 B2C3D4E5F6A10718293A4B5C6D7E8F TDE IN-DATABASE MASTER K FILE           2026-01-15 08:35:00 2026-01-15 08:35:00 PDB1_KEY_2026

2 rows selected.

=== 5. Tablespace Encryption Status (DBA_TABLESPACES) ===

Tablespace             Type       Status    Encrypted Algorithm      TDE Status       Size GB
---------------------- ---------- --------- --------- -------------- ------------ -----------
SECURE_DATA            PERMANENT  ONLINE    YES       AES256         NORMAL             25.00
SECURE_INDEX           PERMANENT  ONLINE    YES       AES256         NORMAL             10.00
SYSAUX                 PERMANENT  ONLINE    NO        NONE           UNENCRYPTED         1.20
SYSTEM                 PERMANENT  ONLINE    NO        NONE           UNENCRYPTED         0.85
USERS                  PERMANENT  ONLINE    NO        NONE           UNENCRYPTED         5.00

5 rows selected.

=== 6. Tables in Encrypted Tablespaces (Summary by Owner) ===

Owner              Tablespace                Tables   Segments
------------------ ---------------------- --------- ----------
APP_USER           SECURE_DATA                    2          2
HR                 SECURE_DATA                    1          4

2 rows selected.

=== 7. Tables in Encrypted Tablespaces (Detail) ===

Owner              Table Name               Tablespace             Partitioned    Num Rows Algorithm
------------------ ------------------------ ---------------------- ----------- ----------- --------------
APP_USER           CUSTOMER_ACCOUNTS        SECURE_DATA            NO               15,400 AES256
APP_USER           PAYMENT_TRANSACTIONS     SECURE_DATA            NO              250,000 AES256
HR                 EMPLOYEES                SECURE_DATA            YES              10,000 AES256

3 rows selected.

=== 8. Column-Level Encryption (DBA_ENCRYPTED_COLUMNS) ===

Owner              Table Name               Column Name            Algorithm            Salt   Integrity Alg
------------------ ------------------------ ---------------------- -------------------- ------ --------------
APP_USER           CUSTOMER_ACCOUNTS        CARD_NUMBER            AES 256 bits key     YES    SHA-1
HR                 EMPLOYEES                TAX_ID                 AES 192 bits key     YES    SHA-1

2 rows selected.

=== 9. Encrypted LOB Segments (DBA_LOBS) ===

Owner              Table Name               Column Name            Tablespace             SecureFile Encrypt
------------------ ------------------------ ---------------------- ---------------------- ---------- --------
APP_USER           CUSTOMER_ACCOUNTS        ID_SCAN                SECURE_DATA            YES        YES

1 row selected.
