$ mysql --login-path=root --table < memory_usage.sql
+------------------------------------------------------------------------------+------------------+---------------+---------------------+-------------------+
| event_name                                                                   | current_alloc_mb | high_water_mb | current_alloc_count | total_allocations |
+------------------------------------------------------------------------------+------------------+---------------+---------------------+-------------------+
| memory/innodb/buf_buf_pool                                                   |           130.88 |        130.88 |                   1 |                 1 |
| memory/performance_schema/events_statements_summary_by_digest                |            40.28 |         40.28 |                   1 |                 1 |
| memory/innodb/ut0link_buf                                                    |            24.00 |         24.00 |                   2 |                 2 |
| memory/innodb/log_buffer_memory                                              |            16.00 |         16.00 |                   1 |                 1 |
| memory/performance_schema/events_statements_history_long                     |            14.42 |         14.42 |                   1 |                 1 |
| memory/performance_schema/events_errors_summary_by_thread_by_error           |            12.83 |         12.83 |                 257 |               257 |
| memory/performance_schema/events_statements_summary_by_thread_by_event_name  |            11.55 |         11.55 |                   1 |                 1 |
| memory/performance_schema/events_statements_history_long.sql_text            |             9.77 |          9.77 |                   1 |                 1 |
| memory/performance_schema/events_statements_summary_by_digest.digest_text    |             9.77 |          9.77 |                   1 |                 1 |
| memory/performance_schema/events_statements_history_long.digest_text         |             9.77 |          9.77 |                   1 |                 1 |
| memory/performance_schema/table_handles                                      |             9.06 |          9.06 |                   1 |                 1 |
| memory/mysys/KEY_CACHE                                                       |             8.00 |          8.00 |                   3 |                 3 |
| memory/performance_schema/memory_summary_by_thread_by_event_name             |             7.91 |          7.91 |                   1 |                 1 |
| memory/innodb/sync0arr                                                       |             7.03 |          7.03 |                   3 |                 3 |
| memory/performance_schema/events_errors_summary_by_account_by_error          |             6.42 |          6.42 |                 129 |               129 |
| memory/performance_schema/events_errors_summary_by_user_by_error             |             6.42 |          6.42 |                 129 |               129 |
| memory/performance_schema/events_errors_summary_by_host_by_error             |             6.42 |          6.42 |                 129 |               129 |
| memory/sql/TABLE                                                             |             6.41 |          6.41 |                1694 |              2378 |
| memory/performance_schema/events_statements_summary_by_user_by_event_name    |             5.77 |          5.77 |                   1 |                 1 |
| memory/performance_schema/events_statements_summary_by_host_by_event_name    |             5.77 |          5.77 |                   1 |                 1 |
| memory/performance_schema/events_statements_summary_by_account_by_event_name |             5.77 |          5.77 |                   1 |                 1 |
| memory/performance_schema/events_waits_summary_by_thread_by_event_name       |             5.11 |          5.11 |                   1 |                 1 |
| memory/sql/log_sink_pfs                                                      |             5.00 |          5.00 |                   1 |                 1 |
| memory/innodb/lock0lock                                                      |             4.85 |          4.85 |                  34 |                34 |
| memory/innodb/os0event                                                       |             4.31 |          4.31 |               31392 |             31620 |
| memory/innodb/ut0pool                                                        |             4.00 |          4.00 |                   2 |                 2 |
| memory/performance_schema/table_shares                                       |             4.00 |          4.00 |                   1 |                 1 |
| memory/performance_schema/memory_summary_by_user_by_event_name               |             3.96 |          3.96 |                   1 |                 1 |
| memory/performance_schema/memory_summary_by_host_by_event_name               |             3.96 |          3.96 |                   1 |                 1 |
| memory/performance_schema/memory_summary_by_account_by_event_name            |             3.96 |          3.96 |                   1 |                 1 |
+------------------------------------------------------------------------------+------------------+---------------+---------------------+-------------------+
