python oracle/python/display_object_dependencies.py \
  --user c##admin \
  --password ******* \
  --service-name ORCLPDB1 \
  --owner HR \
  --name EMP_DETAILS_VIEW \
  --type VIEW \
  --direction both \
  --max-depth 4

================================================================================
                       Oracle Object Dependency Report
================================================================================
Generated at: 2026-09-26T14:48:12.104521+00:00
Target Object: HR.EMP_DETAILS_VIEW (VIEW)
Direction    : BOTH
Max Depth    : 4
Direct Dep Count: 5
--------------------------------------------------------------------------------

UPSTREAM DEPENDENCIES (Objects that this object references / depends on):
--------------------------------------------------------------------------------
  HR.EMP_DETAILS_VIEW (VIEW)
  ├── HR.EMPLOYEES (TABLE)
  │   └── HR.DEPARTMENTS (TABLE)
  │       └── HR.LOCATIONS (TABLE)
  │           └── HR.COUNTRIES (TABLE)
  ├── HR.DEPARTMENTS (TABLE)
  │   └── HR.LOCATIONS (TABLE)
  │       └── HR.COUNTRIES (TABLE)
  ├── HR.JOBS (TABLE)
  ├── HR.LOCATIONS (TABLE)
  │   └── HR.COUNTRIES (TABLE)
  │       └── HR.REGIONS (TABLE)
  └── HR.COUNTRIES (TABLE)
      └── HR.REGIONS (TABLE)

DOWNSTREAM DEPENDENCIES (Objects that depend on this object):
--------------------------------------------------------------------------------
  HR.EMP_DETAILS_VIEW (VIEW)
  ├── HR.PAYROLL_PKG (PACKAGE BODY)
  │   └── HR.CALCULATE_BONUS (PROCEDURE)
  └── REPORTING.STAFF_SUMMARY_VIEW (VIEW)
      └── REPORTING.HR_ANALYTICS_MV (MATERIALIZED VIEW)

================================================================================