python oracle/python/oracle_system_metrics_diagnostics.py \
  --user c##admin \
  --password ******* \
  --service-name ORCLPDB1 \
  --analyzer all \
  --top 5

================================================================================
ORACLE SYSTEM METRICS & SQL PARSE DIAGNOSTICS REPORT
Generated at: 2026-09-26 14:58:00 UTC
================================================================================

[1] BUFFER POOL STATISTICS & CACHE ADVICE
--------------------------------------------------------------------------------
Total Free Buffers Inspected: 8,540 | Total Dirty Buffers Inspected: 1,420
Pool Name       Size MB  Blk Size   Phys Reads  Phys Writes   Block Gets Consist Gets  Hit Ratio
-----------------------------------------------------------------------------------------------
DEFAULT         1024.00      8192       42,150       12,300      150,200    3,890,400     98.96%
  Cache Sizing Advice Projections:
      Factor    Size MB     Estd Reads  Read Factor   Estd Time ms
    --------------------------------------------------------------
        0.50      512.0         98,450       2.3357      246125.00
        1.00     1024.0         42,150       1.0000      105375.00
        1.50     1536.0         24,800       0.5884       62000.00
        2.00     2048.0         18,900       0.4484       47250.00

[2] CPU USAGE & TIME MODEL STATISTICS
--------------------------------------------------------------------------------
Host CPU Cores: 8 | Host Load: 0.75 | Total OS CPU Time: 45210.50s
DB Time: 1240.50s | DB CPU Time: 980.20s | Background CPU: 125.40s | Parse CPU: 42.10s
DB Time Distribution: CPU = 79.02% | Wait Events = 20.98%

  Time Model Breakdown:
    Stat Name                                    Time (s)    % of DB Time
    ----------------------------------------------------------------------
    DB CPU                                       980.2000          79.02%
    sql execute elapsed time                    1150.8000          92.77%
    parse time elapsed                            68.4000           5.51%
    hard parse elapsed time                       24.1000           1.94%
    connection management call elapsed time        8.2000           0.66%

[3] I/O STATISTICS (Source: V$FILESTAT)
--------------------------------------------------------------------------------
  Tablespace I/O Aggregates:
    Tablespace                Reads     Writes      Read ms     Write ms   Avg R Lat ms   Avg W Lat ms
    ------------------------------------------------------------------------------------------------
    SYSTEM                   12,400      3,500     31000.00      8750.00           2.50           2.50
    SYSAUX                   18,500      6,200     51800.00     18600.00           2.80           3.00
    UNDOTBS1                  4,200     14,500      6300.00     29000.00           1.50           2.00
    USERS                    35,600      8,900     89000.00     22250.00           2.50           2.50

  Data & Temp File Performance:
    File ID  Type        Reads     Writes   Avg R ms   Avg W ms File Name
    ------------------------------------------------------------------------------------------
    1        DATA       12,400      3,500       2.50       2.50 /opt/oracle/oradata/ORCLCDB/system01.dbf
    3        DATA       18,500      6,200       2.80       3.00 /opt/oracle/oradata/ORCLCDB/sysaux01.dbf
    7        DATA       35,600      8,900       2.50       2.50 /opt/oracle/oradata/ORCLCDB/ORCLPDB1/users01.dbf

  I/O by Database Function:
    Function                  Reads     Writes   Read Time ms  Write Time ms
    ------------------------------------------------------------------------
    Buffer Cache Reads       42,150          0      105375.00           0.00
    Direct Reads              8,920          0       13380.00           0.00
    DBWR                          0     21,450           0.00       42900.00
    LGWR                          0     38,100           0.00       76200.00

[4] LATCH CONTENTION & MISS STATISTICS
--------------------------------------------------------------------------------
  Latch Name                             Gets     Misses   Sleeps    Wait ms  Hit Ratio  Sleep Rate
  ------------------------------------------------------------------------------------------------
  cache buffers chains             14,520,042      1,240       15      45.20     99.99%       1.21%
  shared pool                       3,205,001        450        4      12.80     99.99%       0.89%
  redo allocation                   1,200,350        110        2       6.40     99.99%       1.82%

  Top Latch Miss Locations:
    Parent Latch                  NW Failures     Sleeps Where in Code
    ------------------------------------------------------------------------------
    cache buffers chains                    0         15 kcbgtcr: kcbchg
    shared pool                             0          4 kghupr1

[5] HIGH SQL PARSE RATES & OFFENDING SQL DIAGNOSIS
--------------------------------------------------------------------------------
Total Parses: 584,200 | Hard Parses: 4,120 (0.71%) | Failed Parses: 18
Parse CPU Time: 42.10s | Session Cursor Cache Hits: 412,800 (70.66%)

  Overall Parse Recommendations:
  * Hard parse percentage is low (0.71%), indicating good cursor sharing and bind variable discipline.
  * Ensure SESSION_CACHED_CURSORS is set to at least 100 to maximize soft-parse elimination for recurring statements.

  Offending SQL Statements:

  (1) SQL_ID: 2m4h891kpv00a [Module: ORDER_PROCESSING]
      Parses: 12,500 | Executions: 12,500 | Parse/Exec Ratio: 1.00 | Versions: 1 | Invalidations: 0
      CPU Time: 4520.00ms | Elapsed Time: 12800.00ms
      SQL: SELECT order_id, status FROM orders WHERE customer_id = :b1 AND order_date >= :b2
      Diagnosis & Recommendations:
        -> Statement is parsed once per execution (1:1 ratio); consider holding cursor open across iterations or increasing SESSION_CACHED_CURSORS.

================================================================================
END OF SYSTEM METRICS DIAGNOSTICS REPORT
================================================================================
