python oracle/python/tde_report.py \
  --user c##admin \
  --password ******* \
  --service-name ORCLPDB1

================================================================================
Oracle Transparent Data Encryption (TDE) Report
Generated At : 2026-09-28 12:00:00 UTC
Schema Filter: ALL SCHEMAS
================================================================================

--- 1. OVERALL TDE SUMMARY ---
Open Wallets             : 1
Encrypted Tablespaces    : 2 / 5
Tables in Encrypted TS   : 3
Column-Level Encrypted   : 2
Encrypted SecureFile LOBs: 1

--- 2. TDE CONFIGURATION PARAMETERS ---
Parameter                        Value                                        
-------------------------------- ---------------------------------------------
encrypt_new_tablespaces          ALWAYS                                       
tde_configuration                KEYSTORE_CONFIGURATION=FILE                  
wallet_root                      /opt/oracle/admin/ORCL/wallet                

--- 3. KEYSTORE / WALLET STATUS (GV$ENCRYPTION_WALLET) ---
Inst  Con   Container / PDB      Type     Status           Wallet Type      Backed Up  Location
----- ----- -------------------- -------- ---------------- ---------------- ---------- --------------------
1     1     CDB$ROOT             FILE     OPEN             AUTOLOGIN        YES        /opt/oracle/admin/ORCL/wallet/tde/
1     3     ORCLPDB1             FILE     OPEN             AUTOLOGIN        YES        /opt/oracle/admin/ORCL/wallet/tde/

--- 4. MASTER ENCRYPTION KEYS (V$ENCRYPTION_KEYS) ---
Container / PDB    Con   Key ID Prefix                    Key Use                  Activated            Tag
------------------ ----- -------------------------------- ------------------------ -------------------- ----------
CDB$ROOT           1     A1B2C3D4E5F60718293A4B5C6D7E8F.. TDE IN-DATABASE MASTER K 2026-01-15 08:30:00  CDB_KEY_2026
ORCLPDB1           3     B2C3D4E5F6A10718293A4B5C6D7E8F.. TDE IN-DATABASE MASTER K 2026-01-15 08:35:00  PDB1_KEY_2026

--- 5. TABLESPACES ENCRYPTION STATUS ---
Tablespace               Type        Status     Encrypted  Algorithm       Size GB
------------------------ ----------- ---------- ---------- ------------ ----------
SECURE_DATA              PERMANENT   ONLINE     YES        AES256            25.00
SECURE_INDEX             PERMANENT   ONLINE     YES        AES256            10.00
SYSAUX                   PERMANENT   ONLINE     NO         NONE               1.20
SYSTEM                   PERMANENT   ONLINE     NO         NONE               0.85
USERS                    PERMANENT   ONLINE     NO         NONE               5.00

--- 6. TABLES IN ENCRYPTED TABLESPACES (SUMMARY BY OWNER) ---
Owner                Tablespace                Table Count  Segment Count
-------------------- ------------------------ ------------ --------------
APP_USER             SECURE_DATA                         2              2
HR                   SECURE_DATA                         1              4

--- 7. TABLES IN ENCRYPTED TABLESPACES (DETAIL) ---
Owner                Table Name                   Tablespace             Partitioned      Num Rows
-------------------- ---------------------------- ---------------------- ------------ ------------
APP_USER             CUSTOMER_ACCOUNTS            SECURE_DATA            NO                  15400
APP_USER             PAYMENT_TRANSACTIONS         SECURE_DATA            NO                 250000
HR                   EMPLOYEES                    SECURE_DATA            YES                 10000

--- 8. COLUMN-LEVEL ENCRYPTION (DBA_ENCRYPTED_COLUMNS) ---
Owner                Table Name                 Column Name              Algorithm            Salt   Integrity
-------------------- -------------------------- ------------------------ -------------------- ------ ----------
APP_USER             CUSTOMER_ACCOUNTS          CARD_NUMBER              AES 256 bits key     YES    SHA-1
HR                   EMPLOYEES                  TAX_ID                   AES 192 bits key     YES    SHA-1

--- 9. ENCRYPTED LOB SEGMENTS (DBA_LOBS) ---
Owner                Table Name                 Column Name              Tablespace           SecureFile  Encrypt
-------------------- -------------------------- ------------------------ -------------------- ----------- --------
APP_USER             CUSTOMER_ACCOUNTS          ID_SCAN                  SECURE_DATA          YES         YES
